
Memory Configuration

Name             Origin             Length             Attributes
ram              0x80000000         0x00500000         xrw
*default*        0x00000000         0xffffffff

Linker script and memory map

                0x00000000                __DYNAMIC=0x0
                0x00400000                PROVIDE (__stack, 0x400000)
                0x00000000                PROVIDE (hardware_init_hook, 0x0)
                0x00000000                PROVIDE (_hardware_init_hook, 0x0)
                0x00000000                PROVIDE (software_init_hook, 0x0)
                0x00000000                PROVIDE (_software_init_hook, 0x0)

.text           0x80000000    0x3b360
 *(.text)
 .text          0x80000000      0x486 S2_Boot_v1_00.o
                0x80000000                S2_Boot_v1_00EventHandler00000
                0x80000156                S2_Boot_v1_00_EventHandler
                0x800001fc                S2_Boot_v1_00_main
 *fill*         0x80000486        0x2
 .text          0x80000488      0x330 S2_Index_Translator_v1_00.o
                0x80000610                S2_Index_Translator_v1_00_EventHandler
                0x80000488                S2_Index_Translator_v1_00EventHandler00000
                0x800006da                S2_Index_Translator_v1_00_main
 .text          0x800007b8      0xe1c S2_Managed_Power___Input_v1_00.o
                0x80001468                S2_Managed_Power___Input_v1_00EventHandler00003
                0x800012d8                S2_Managed_Power___Input_v1_00_EventHandler
                0x80000d9c                S2_Managed_Power___Input_v1_00EventHandler00002
                0x80000ac6                S2_Managed_Power___Input_v1_00EventHandler00000
                0x80001386                S2_Managed_Power___Input_v1_00_main
                0x80000c16                S2_Managed_Power___Input_v1_00EventHandler00001
                0x80001524                S2_Managed_Power___Input_v1_00EventHandler00005
                0x80001056                S2_Managed_Power___Input_v1_00EventHandler00004
 .text          0x800015d4      0x33c S2_Managed_Power___Input_f_x__v1_00.o
                0x80001766                S2_Managed_Power___Input_f_x__v1_00_EventHandler
                0x80001830                S2_Managed_Power___Input_f_x__v1_00_main
                0x800015d4                S2_Managed_Power___Input_f_x__v1_00EventHandler00000
 .text          0x80001910      0x530 S2_Data_Selector_Serial_v1_00.o
                0x80001910                S2_Data_Selector_Serial_v1_00EventHandler00000
                0x80001d4a                S2_Data_Selector_Serial_v1_00_main
                0x80001c4c                S2_Data_Selector_Serial_v1_00_EventHandler
                0x80001a98                S2_Data_Selector_Serial_v1_00EventHandler00001
 .text          0x80001e40      0x196 S2_Digital_Edge_Detection_v1_00.o
                0x80001f8a                S2_Digital_Edge_Detection_v1_00EventHandler00001
                0x80001f40                S2_Digital_Edge_Detection_v1_00EventHandler00000
                0x80001e40                S2_Digital_Edge_Detection_v1_00_EventHandler
                0x80001efa                S2_Digital_Edge_Detection_v1_00_main
 *fill*         0x80001fd6        0x2
 .text          0x80001fd8      0x3ec S2_Managed_Power_v1_00.o
                0x80002318                S2_Managed_Power_v1_00EventHandler00002
                0x8000219e                S2_Managed_Power_v1_00_main
                0x8000226e                S2_Managed_Power_v1_00EventHandler00000
                0x800021e4                S2_Managed_Power_v1_00_EventHandler
                0x80002358                S2_Managed_Power_v1_00EventHandler00003
                0x800022ae                S2_Managed_Power_v1_00EventHandler00001
 .text          0x800023c4      0x9a4 S2_Crestron_CEN_IDOC_SP_Logic_v1_00.o
                0x800026f6                S2_Crestron_CEN_IDOC_SP_Logic_v1_00EventHandler00000
                0x80002c80                S2_Crestron_CEN_IDOC_SP_Logic_v1_00EventHandler00003
                0x80002aa8                S2_Crestron_CEN_IDOC_SP_Logic_v1_00_main
                0x80002852                S2_Crestron_CEN_IDOC_SP_Logic_v1_00EventHandler00002
                0x80002aee                S2_Crestron_CEN_IDOC_SP_Logic_v1_00_EventHandler
                0x80002a6a                S2_Crestron_CEN_IDOC_SP_Logic_v1_00WWAIT
                0x80002b78                S2_Crestron_CEN_IDOC_SP_Logic_v1_00EventHandler00001
 .text          0x80002d68      0xbbc S2_Ring_Counter_v1_00.o
                0x80002f6e                S2_Ring_Counter_v1_00EventHandler00000
                0x8000342e                S2_Ring_Counter_v1_00EventHandler00003
                0x8000385e                S2_Ring_Counter_v1_00EventHandler00002
                0x800035ee                S2_Ring_Counter_v1_00_EventHandler
                0x8000389a                S2_Ring_Counter_v1_00EventHandler00004
                0x800031c6                S2_Ring_Counter_v1_00EventHandler00001
                0x800036b6                S2_Ring_Counter_v1_00_main
 .text          0x80003924     0x199a S2_Adagio_XM_Sirius_Now_Playing_Combiner_v2_0.o
                0x80005274                S2_Adagio_XM_Sirius_Now_Playing_Combiner_v2_0EventHandler00000
                0x80004e34                S2_Adagio_XM_Sirius_Now_Playing_Combiner_v2_0_EventHandler
                0x80004f0e                S2_Adagio_XM_Sirius_Now_Playing_Combiner_v2_0_main
 *fill*         0x800052be        0x2
 .text          0x800052c0      0x4d6 S2_Adagio_AMFM_Preset_Selector.o
                0x800052c0                S2_Adagio_AMFM_Preset_SelectorEventHandler00000
                0x8000563a                S2_Adagio_AMFM_Preset_Selector_EventHandler
                0x8000571a                S2_Adagio_AMFM_Preset_Selector_main
                0x8000547a                S2_Adagio_AMFM_Preset_SelectorEventHandler00001
 *fill*         0x80005796        0x2
 .text          0x80005798     0x1210 S2_GMTTime.o
                0x80006704                S2_GMTTimeEventHandler00005
                0x800065c0                S2_GMTTimeEventHandler00002
                0x8000679c                S2_GMTTimeEventHandler00006
                0x8000616e                S2_GMTTime_EventHandler
                0x80006242                S2_GMTTime_main
                0x80005f2e                S2_GMTTimeEventHandler00004
                0x800068cc                S2_GMTTimeEventHandler00008
                0x80006500                S2_GMTTimeEventHandler00001
                0x800063b4                S2_GMTTimeTIME_REQUEST_WAIT
                0x80006834                S2_GMTTimeEventHandler00007
                0x80006470                S2_GMTTimeEventHandler00000
                0x80006654                S2_GMTTimeEventHandler00003
 .text          0x800069a8    0x240ba S2_C2N_TXM_Guide_Engine_v3_1.o
                0x8002a7ee                S2_C2N_TXM_Guide_Engine_v3_1_CATEGORYSTRUCTURE_Constructor
                0x80029aba                S2_C2N_TXM_Guide_Engine_v3_1_main
                0x8002a900                S2_C2N_TXM_Guide_Engine_v3_1EventHandler00004
                0x8002a996                S2_C2N_TXM_Guide_Engine_v3_1EventHandler00005
                0x8002a762                S2_C2N_TXM_Guide_Engine_v3_1_CHANNELDATA_Constructor
                0x8002592e                S2_C2N_TXM_Guide_Engine_v3_1EventHandler00001
                0x8002aa1e                S2_C2N_TXM_Guide_Engine_v3_1EventHandler00007
                0x8002a832                S2_C2N_TXM_Guide_Engine_v3_1_CATEGORYSTRUCTURE_Destructor
                0x8002a7c4                S2_C2N_TXM_Guide_Engine_v3_1_CATEGORYDATA_Constructor
                0x8002a83c                S2_C2N_TXM_Guide_Engine_v3_1EventHandler00002
                0x8002a89e                S2_C2N_TXM_Guide_Engine_v3_1EventHandler00003
                0x8002a7ba                S2_C2N_TXM_Guide_Engine_v3_1_CHANNELDATA_Destructor
                0x8002954a                S2_C2N_TXM_Guide_Engine_v3_1EventHandler00009
                0x8002996a                S2_C2N_TXM_Guide_Engine_v3_1_EventHandler
                0x8002942a                S2_C2N_TXM_Guide_Engine_v3_1EventHandler00008
                0x800256f8                S2_C2N_TXM_Guide_Engine_v3_1EventHandler00000
                0x8002a9da                S2_C2N_TXM_Guide_Engine_v3_1EventHandler00006
                0x8002a7e4                S2_C2N_TXM_Guide_Engine_v3_1_CATEGORYDATA_Destructor
 *fill*         0x8002aa62        0x2
 .text          0x8002aa64      0x6d0 S2_AMFM_Station.o
                0x8002af0e                S2_AMFM_StationEventHandler00001
                0x8002aec4                S2_AMFM_StationEventHandler00000
                0x8002ad42                S2_AMFM_Station_EventHandler
                0x8002afce                S2_AMFM_StationEventHandler00003
                0x8002af58                S2_AMFM_StationEventHandler00002
                0x8002b0bc                S2_AMFM_StationEventHandler00005
                0x8002b044                S2_AMFM_StationEventHandler00004
                0x8002ae7e                S2_AMFM_Station_main
 .text          0x8002b134      0xb7e S2_Adagio_Now_Playing_Combiner_v2_0.o
                0x8002bc68                S2_Adagio_Now_Playing_Combiner_v2_0EventHandler00003
                0x8002bb8a                S2_Adagio_Now_Playing_Combiner_v2_0EventHandler00000
                0x8002b8d0                S2_Adagio_Now_Playing_Combiner_v2_0_EventHandler
                0x8002b9e0                S2_Adagio_Now_Playing_Combiner_v2_0_main
                0x8002bc1e                S2_Adagio_Now_Playing_Combiner_v2_0EventHandler00002
                0x8002bbd4                S2_Adagio_Now_Playing_Combiner_v2_0EventHandler00001
 *fill*         0x8002bcb2        0x2
 .text          0x8002bcb4      0xb38 S2_AMFM__CEN_TRACK__Preset_Processor_v1.o
                0x8002c2f8                S2_AMFM__CEN_TRACK__Preset_Processor_v1_EventHandler
                0x8002c6b4                S2_AMFM__CEN_TRACK__Preset_Processor_v1EventHandler00003
                0x8002c3e4                S2_AMFM__CEN_TRACK__Preset_Processor_v1_main
                0x8002c534                S2_AMFM__CEN_TRACK__Preset_Processor_v1EventHandler00001
                0x8002c750                S2_AMFM__CEN_TRACK__Preset_Processor_v1EventHandler00004
                0x8002c618                S2_AMFM__CEN_TRACK__Preset_Processor_v1EventHandler00002
                0x8002c49e                S2_AMFM__CEN_TRACK__Preset_Processor_v1EventHandler00000
 .text          0x8002c7ec      0x71c S2_tstat_temp_display.o
                0x8002c8f0                S2_tstat_temp_displayEventHandler00000
                0x8002cce0                S2_tstat_temp_display_EventHandler
                0x8002cd88                S2_tstat_temp_display_main
 .text          0x8002cf08      0x8da S2_tstat_temp_display_v1_1.o
                0x8002d4c2                S2_tstat_temp_display_v1_1_main
                0x8002d6aa                S2_tstat_temp_display_v1_1EventHandler00001
                0x8002d7a6                S2_tstat_temp_display_v1_1EventHandler00002
                0x8002d642                S2_tstat_temp_display_v1_1EventHandler00000
                0x8002d3e8                S2_tstat_temp_display_v1_1_EventHandler
 *fill*         0x8002d7e2        0x2
 .text          0x8002d7e4      0x278 S2_xPt__Single_Equipment_Connection_v1_00.o
                0x8002d962                S2_xPt__Single_Equipment_Connection_v1_00_EventHandler
                0x8002d7e4                S2_xPt__Single_Equipment_Connection_v1_00EventHandler00000
                0x8002da02                S2_xPt__Single_Equipment_Connection_v1_00_main
 .text          0x8002da5c     0x1918 S2_AV_Multi_Zone_Source_Interface_v1_00.o
                0x8002f004                S2_AV_Multi_Zone_Source_Interface_v1_00_EventHandler
                0x8002f324                S2_AV_Multi_Zone_Source_Interface_v1_00EventHandler00005
                0x8002f294                S2_AV_Multi_Zone_Source_Interface_v1_00EventHandler00002
                0x8002f238                S2_AV_Multi_Zone_Source_Interface_v1_00EventHandler00001
                0x8002e496                S2_AV_Multi_Zone_Source_Interface_v1_00EventHandler00006
                0x8002f0fc                S2_AV_Multi_Zone_Source_Interface_v1_00_main
                0x8002e1ca                S2_AV_Multi_Zone_Source_Interface_v1_00EventHandler00004
                0x8002f2e6                S2_AV_Multi_Zone_Source_Interface_v1_00EventHandler00003
                0x8002f1fa                S2_AV_Multi_Zone_Source_Interface_v1_00EventHandler00000
 .text          0x8002f374      0x2fe S2_AV_Multi_Zone_Press_and_Hold_Logic_Gate_v1_00.o
                0x8002f52a                S2_AV_Multi_Zone_Press_and_Hold_Logic_Gate_v1_00_EventHandler
                0x8002f5f4                S2_AV_Multi_Zone_Press_and_Hold_Logic_Gate_v1_00_main
                0x8002f374                S2_AV_Multi_Zone_Press_and_Hold_Logic_Gate_v1_00EventHandler00000
 *fill*         0x8002f672        0x2
 .text          0x8002f674     0x1234 S2_Digital_Index_Queue_v1_01.o
                0x8003041a                S2_Digital_Index_Queue_v1_01EventHandler00001
                0x800307b0                S2_Digital_Index_Queue_v1_01_main
                0x800306e0                S2_Digital_Index_Queue_v1_01_EventHandler
                0x8003029c                S2_Digital_Index_Queue_v1_01EventHandler00000
 .text          0x800308a8      0x4d0 S2_AV_Multi_Zone_Page_Src_Index_Driver_v1_00.o
                0x80030afc                S2_AV_Multi_Zone_Page_Src_Index_Driver_v1_00_main
                0x800308a8                S2_AV_Multi_Zone_Page_Src_Index_Driver_v1_00EventHandler00001
                0x80030cb4                S2_AV_Multi_Zone_Page_Src_Index_Driver_v1_00EventHandler00003
                0x800309e2                S2_AV_Multi_Zone_Page_Src_Index_Driver_v1_00_EventHandler
                0x80030c10                S2_AV_Multi_Zone_Page_Src_Index_Driver_v1_00EventHandler00002
                0x80030b5e                S2_AV_Multi_Zone_Page_Src_Index_Driver_v1_00EventHandler00000
 .text          0x80030d78     0x5836 library.o
                0x80034f64                RotateRightLong
                0x80035572                IsSystem
                0x80034ec8                Seed
                0x800327c0                Remove
                0x80034b44                Ltoa
                0x80034870                Atoi
                0x80033bd8                InitRampInfoArray
                0x8003531e                Right
                0x8003634e                LockInputSema
                0x80034df2                Mod
                0x80034fda                Getc
                0x80034d26                SMuldiv
                0x80035554                IsHidden
                0x80034c0a                Min
                0x80036162                hextosi
                0x800356f8                WriteIntegerArray
                0x80035c6e                GetSignedIntArrayElementPtr
                0x80034592                CheckStructArray
                0x80036176                hextosl
                0x8003587e                WriteSignedIntegerArray
                0x8003425a                InitStringParamArray
                0x8003352c                ReadSignedLongIntegerArray
                0x8003244e                GatherToDelimiter
                0x8003407e                InitStringArray
                0x80034be4                Max
                0x800355ae                IsReadOnly
                0x80034cee                SMax
                0x800325f2                GatherByLength
                0x80034a7e                Chr
                0x800356d0                ReadSignedLongInteger
                0x80034afc                Itohex
                0x80034504                GetStructArrayElement
                0x800347f8                UNS_SetByte
                0x800352f2                ReverseFindi
                0x800339d4                ReadStringArray
                0x80035a7e                GetIntArrayElementPtr
                0x8003512e                Lower
                0x80034ee4                RotateLeft
                0x80036296                ResizeIfAutogrow
                0x80033d04                CheckInputArray
                0x800312e6                ResizeStringArray
                0x80034a10                Atosl
                0x80034838                High
                0x80034e94                Rnd
                0x80034db6                UMod
                0x80034f3a                RotateLeftLong
                0x800363c2                FindNumericChar
                0x80035ec6                CheckIOArrayBounds2
                0x8003550c                MakeProgramFilename
                0x80034d0a                SMin
                0x80035062                Left
                0x80034fa4                CheckBufferThreshold
                0x80035688                ReadSignedInteger
                0x80034862                LowWord
                0x80030d78                Bit
                0x80035638                ReadLongInteger
                0x80034676                Byte
                0x80035b76                GetLongArrayElementPtr
                0x800352c4                ReverseFind
                0x80035522                GetSeries
                0x8003648e                InitTcpServer
                0x80035116                Len
                0x80035f96                InitializeRampInfoInternal
                0x80034c30                Divide
                0x8003497c                Atol
                0x80035518                GetModelNumber
                0x80035e5e                CheckIOArrayBounds
                0x80033d5e                CheckStringInputArray
                0x80035940                WriteSignedLongIntegerArray
                0x8003444e                GetStringArrayElement
                0x80034b88                Ltohex
                0x80034ab4                Itoa
                0x80034f0e                RotateRight
                0x80032aae                InternalReverseFind
                0x80035618                WriteLongInteger
                0x80033f82                InitDynamicStringStruct
                0x80033e74                SetStringArray
                0x8003330a                ReadSignedIntegerArray
                0x80033db8                SetOutputArray
                0x800355c8                WriteInteger
                0x800343e2                InitStructDynamicArray
                0x80032d38                SetString
                0x80034e2e                Random
                0x80035660                WriteSignedInteger
                0x80030fdc                Find
                0x8003552c                GetProgramNumber
                0x80035202                Mid
                0x80036400                InitTcpClient
                0x80031eca                ResizeStructArray
                0x80035d66                GetSignedLongArrayElementPtr
                0x80036188                hextol
                0x8003374e                ReadString
                0x80034114                InitDynamicStringArray
                0x8003626e                UpperChar
                0x8003490c                Atosi
                0x800355f0                ReadInteger
                0x80034ca2                Muldiv
                0x80033e26                SetStringOutputArray
                0x80035a04                WriteString
                0x8003193e                ResizeIntegerArray
                0x80033ccc                InitInOutArray
                0x80034322                InitNvramStringArray
                0x80034bcc                Abs
                0x80034d72                SDivide
                0x80032ec8                ReadIntegerArray
                0x80030e88                CompareStrings
                0x80036246                LowerChar
                0x8003651e                InitUdpSocket
                0x80034f8c                ClearBuffer
                0x800353da                Upper
                0x800343be                InitStructArray
                0x800354b0                MakeLower
                0x80035590                IsVolume
                0x8003291a                RemoveByLength
                0x8003460e                CheckStringOutputArrayIndex
                0x800357ba                WriteLongIntegerArray
                0x80036042                InitRampInfoStructArray
                0x80034854                HighWord
                0x80031150                ResizeString
                0x80035536                IsDirectory
                0x800330e8                ReadLongIntegerArray
                0x80034846                Low
                0x800322f4                Gather
                0x800354de                MakeUpper
                0x80033f44                InitStringStruct
                0x80035f2e                CheckStringArrayBounds
                0x80034c74                CheckDenominator
                0x8003614a                hextoi
                0x8003386c                WriteStringArray
                0x80034736                SetByte
                0x80035fec                InitializeRampInfo
                0x80036388                UnLockInputSema
                0x800356b0                WriteSignedLongInteger
                0x80034036                InitNvramStringStruct
 *fill*         0x800365ae        0x2
                0x800365b0                .=ALIGN(0x10)
 *(.eh_frame)
                0x800365b0                .=ALIGN(0x10)
 *(.gnu.linkonce.t.*)
                0x800365b0                .=ALIGN(0x4)
                0x800365b0                __CTOR_LIST__=.
                0x800365b0                ___CTOR_LIST__=.
                0x800365b0        0x4 LONG 0x0 (((__CTOR_END__-__CTOR_LIST__)/0x4)-0x2)
 *(.ctors)
                0x800365b4        0x4 LONG 0x0
                0x800365b8                __CTOR_END__=.
                0x800365b8                __DTOR_LIST__=.
                0x800365b8                ___DTOR_LIST__=.
                0x800365b8        0x4 LONG 0x0 (((__DTOR_END__-__DTOR_LIST__)/0x4)-0x2)
 *(.dtors)
                0x800365bc        0x4 LONG 0x0
                0x800365c0                __DTOR_END__=.
 *(.rodata)
 .rodata        0x800365c0      0x2d6 S2_Boot_v1_00.o
 .rodata        0x80036896      0x240 S2_Index_Translator_v1_00.o
 .rodata        0x80036ad6      0x24f S2_Managed_Power___Input_v1_00.o
 .rodata        0x80036d25      0x240 S2_Managed_Power___Input_f_x__v1_00.o
 .rodata        0x80036f65      0x285 S2_Data_Selector_Serial_v1_00.o
 .rodata        0x800371ea      0x22f S2_Digital_Edge_Detection_v1_00.o
 .rodata        0x80037419      0x22f S2_Managed_Power_v1_00.o
 .rodata        0x80037648      0x235 S2_Crestron_CEN_IDOC_SP_Logic_v1_00.o
 .rodata        0x8003787d      0x235 S2_Ring_Counter_v1_00.o
 .rodata        0x80037ab2      0x58b S2_Adagio_XM_Sirius_Now_Playing_Combiner_v2_0.o
 .rodata        0x8003803d      0x23a S2_Adagio_AMFM_Preset_Selector.o
 .rodata        0x80038277      0x2f2 S2_GMTTime.o
 .rodata        0x80038569      0x802 S2_C2N_TXM_Guide_Engine_v3_1.o
 .rodata        0x80038d6b      0x240 S2_AMFM_Station.o
 .rodata        0x80038fab      0x3c5 S2_Adagio_Now_Playing_Combiner_v2_0.o
 .rodata        0x80039370      0x281 S2_AMFM__CEN_TRACK__Preset_Processor_v1.o
 .rodata        0x800395f1      0x2cd S2_tstat_temp_display.o
 .rodata        0x800398be      0x2cd S2_tstat_temp_display_v1_1.o
 .rodata        0x80039b8b      0x22f S2_xPt__Single_Equipment_Connection_v1_00.o
 .rodata        0x80039dba      0x26d S2_AV_Multi_Zone_Source_Interface_v1_00.o
 .rodata        0x8003a027      0x247 S2_AV_Multi_Zone_Press_and_Hold_Logic_Gate_v1_00.o
 .rodata        0x8003a26e      0x24b S2_Digital_Index_Queue_v1_01.o
 .rodata        0x8003a4b9      0x23f S2_AV_Multi_Zone_Page_Src_Index_Driver_v1_00.o
 .rodata        0x8003a6f8      0xc54 library.o
 *(.gcc_except_table)
                0x8003b34c                .=ALIGN(0x2)
                0x8003b34c                __INIT_SECTION__=.
                0x8003b34c        0x4 LONG 0x4e560000
 *(.init)
                0x8003b350        0x2 SHORT 0x4e5e
                0x8003b352        0x2 SHORT 0x4e75
                0x8003b354                __FINI_SECTION__=.
                0x8003b354        0x4 LONG 0x4e560000
 *(.fini)
                0x8003b358        0x2 SHORT 0x4e5e
                0x8003b35a        0x2 SHORT 0x4e75
 *(.lit)
 *fill*         0x8003b35c        0x4
                0x8003b360                .=ALIGN(0x10)
                0x8003b360                _etext=.
                0x8003b360                etext=.

.data           0x8003b360        0x0
                0x8003b360                copy_start=.
 *(.shdata)
 *(.data)
 *(.gnu.linkonce.d.*)
                0x8003b360                .=ALIGN(0x10)
                0x8003b360                _edata=.
                0x8003b360                copy_end=.

.got
 *(.got.plt)
 *(.got)

EntryList       0x8003b360     0x1870
 *(EntryList)
 EntryList      0x8003b360      0x110 S2_Boot_v1_00.o
                0x8003b360                S2_Boot_v1_00_Entry
 EntryList      0x8003b470      0x110 S2_Index_Translator_v1_00.o
                0x8003b470                S2_Index_Translator_v1_00_Entry
 EntryList      0x8003b580      0x110 S2_Managed_Power___Input_v1_00.o
                0x8003b580                S2_Managed_Power___Input_v1_00_Entry
 EntryList      0x8003b690      0x110 S2_Managed_Power___Input_f_x__v1_00.o
                0x8003b690                S2_Managed_Power___Input_f_x__v1_00_Entry
 EntryList      0x8003b7a0      0x110 S2_Data_Selector_Serial_v1_00.o
                0x8003b7a0                S2_Data_Selector_Serial_v1_00_Entry
 EntryList      0x8003b8b0      0x110 S2_Digital_Edge_Detection_v1_00.o
                0x8003b8b0                S2_Digital_Edge_Detection_v1_00_Entry
 EntryList      0x8003b9c0      0x110 S2_Managed_Power_v1_00.o
                0x8003b9c0                S2_Managed_Power_v1_00_Entry
 EntryList      0x8003bad0      0x110 S2_Crestron_CEN_IDOC_SP_Logic_v1_00.o
                0x8003bad0                S2_Crestron_CEN_IDOC_SP_Logic_v1_00_Entry
 EntryList      0x8003bbe0      0x110 S2_Ring_Counter_v1_00.o
                0x8003bbe0                S2_Ring_Counter_v1_00_Entry
 EntryList      0x8003bcf0      0x110 S2_Adagio_XM_Sirius_Now_Playing_Combiner_v2_0.o
                0x8003bcf0                S2_Adagio_XM_Sirius_Now_Playing_Combiner_v2_0_Entry
 EntryList      0x8003be00      0x110 S2_Adagio_AMFM_Preset_Selector.o
                0x8003be00                S2_Adagio_AMFM_Preset_Selector_Entry
 EntryList      0x8003bf10      0x110 S2_GMTTime.o
                0x8003bf10                S2_GMTTime_Entry
 EntryList      0x8003c020      0x110 S2_C2N_TXM_Guide_Engine_v3_1.o
                0x8003c020                S2_C2N_TXM_Guide_Engine_v3_1_Entry
 EntryList      0x8003c130      0x110 S2_AMFM_Station.o
                0x8003c130                S2_AMFM_Station_Entry
 EntryList      0x8003c240      0x110 S2_Adagio_Now_Playing_Combiner_v2_0.o
                0x8003c240                S2_Adagio_Now_Playing_Combiner_v2_0_Entry
 EntryList      0x8003c350      0x110 S2_AMFM__CEN_TRACK__Preset_Processor_v1.o
                0x8003c350                S2_AMFM__CEN_TRACK__Preset_Processor_v1_Entry
 EntryList      0x8003c460      0x110 S2_tstat_temp_display.o
                0x8003c460                S2_tstat_temp_display_Entry
 EntryList      0x8003c570      0x110 S2_tstat_temp_display_v1_1.o
                0x8003c570                S2_tstat_temp_display_v1_1_Entry
 EntryList      0x8003c680      0x110 S2_xPt__Single_Equipment_Connection_v1_00.o
                0x8003c680                S2_xPt__Single_Equipment_Connection_v1_00_Entry
 EntryList      0x8003c790      0x110 S2_AV_Multi_Zone_Source_Interface_v1_00.o
                0x8003c790                S2_AV_Multi_Zone_Source_Interface_v1_00_Entry
 EntryList      0x8003c8a0      0x110 S2_AV_Multi_Zone_Press_and_Hold_Logic_Gate_v1_00.o
                0x8003c8a0                S2_AV_Multi_Zone_Press_and_Hold_Logic_Gate_v1_00_Entry
 EntryList      0x8003c9b0      0x110 S2_Digital_Index_Queue_v1_01.o
                0x8003c9b0                S2_Digital_Index_Queue_v1_01_Entry
 EntryList      0x8003cac0      0x110 S2_AV_Multi_Zone_Page_Src_Index_Driver_v1_00.o
                0x8003cac0                S2_AV_Multi_Zone_Page_Src_Index_Driver_v1_00_Entry
                0x8003cbd0                .=ALIGN(0x4)

FunctionList    0x8003cbd0        0x4
 *(FunctionList)
 FunctionList   0x8003cbd0        0x4 globals.o
                0x8003cbd0                g_pFunctions
                0x8003cbd4                .=ALIGN(0x4)

.bss            0x8003cbd4        0x0
                0x8003cbd4                .=ALIGN(0x4)
                0x8003cbd4                __bss_start=.
 *(.shbss)
 *(.bss)
 *(COMMON)
                0x8003cbd8                _end=ALIGN(0x8)
                0x8003cbd8                __end=_end

.stab
 *(.stab)

.stabstr
 *(.stabstr)

.debug
 *(.debug)

.line
 *(.line)

.debug_srcinfo
 *(.debug_srcinfo)

.debug_sfnames
 *(.debug_sfnames)

.debug_aranges
 *(.debug_aranges)

.debug_pubnames
 *(.debug_pubnames)

.debug_info
 *(.debug_info)

.debug_abbrev
 *(.debug_abbrev)

.debug_line
 *(.debug_line)

.debug_frame
 *(.debug_frame)

.debug_str
 *(.debug_str)

.debug_loc
 *(.debug_loc)

.debug_macinfo
 *(.debug_macinfo)

.debug_weaknames
 *(.debug_weaknames)

.debug_funcnames
 *(.debug_funcnames)

.debug_typenames
 *(.debug_typenames)

.debug_varnames
 *(.debug_varnames)
LOAD S2_Boot_v1_00.o
LOAD S2_Index_Translator_v1_00.o
LOAD S2_Managed_Power___Input_v1_00.o
LOAD S2_Managed_Power___Input_f_x__v1_00.o
LOAD S2_Data_Selector_Serial_v1_00.o
LOAD S2_Digital_Edge_Detection_v1_00.o
LOAD S2_Managed_Power_v1_00.o
LOAD S2_Crestron_CEN_IDOC_SP_Logic_v1_00.o
LOAD S2_Ring_Counter_v1_00.o
LOAD S2_Adagio_XM_Sirius_Now_Playing_Combiner_v2_0.o
LOAD S2_Adagio_AMFM_Preset_Selector.o
LOAD S2_GMTTime.o
LOAD S2_C2N_TXM_Guide_Engine_v3_1.o
LOAD S2_AMFM_Station.o
LOAD S2_Adagio_Now_Playing_Combiner_v2_0.o
LOAD S2_AMFM__CEN_TRACK__Preset_Processor_v1.o
LOAD S2_tstat_temp_display.o
LOAD S2_tstat_temp_display_v1_1.o
LOAD S2_xPt__Single_Equipment_Connection_v1_00.o
LOAD S2_AV_Multi_Zone_Source_Interface_v1_00.o
LOAD S2_AV_Multi_Zone_Press_and_Hold_Logic_Gate_v1_00.o
LOAD S2_Digital_Index_Queue_v1_01.o
LOAD S2_AV_Multi_Zone_Page_Src_Index_Driver_v1_00.o
LOAD globals.o
LOAD library.o
OUTPUT(_S2_2019_09_25___01_Mulkey_PRO2.spl elf32-m68k)

.comment        0x8003cbd4      0x3b6
 .comment       0x8003cbd4       0x26 S2_Boot_v1_00.o
 .comment       0x8003cbfa       0x26 S2_Index_Translator_v1_00.o
 .comment       0x8003cc20       0x26 S2_Managed_Power___Input_v1_00.o
 .comment       0x8003cc46       0x26 S2_Managed_Power___Input_f_x__v1_00.o
 .comment       0x8003cc6c       0x26 S2_Data_Selector_Serial_v1_00.o
 .comment       0x8003cc92       0x26 S2_Digital_Edge_Detection_v1_00.o
 .comment       0x8003ccb8       0x26 S2_Managed_Power_v1_00.o
 .comment       0x8003ccde       0x26 S2_Crestron_CEN_IDOC_SP_Logic_v1_00.o
 .comment       0x8003cd04       0x26 S2_Ring_Counter_v1_00.o
 .comment       0x8003cd2a       0x26 S2_Adagio_XM_Sirius_Now_Playing_Combiner_v2_0.o
 .comment       0x8003cd50       0x26 S2_Adagio_AMFM_Preset_Selector.o
 .comment       0x8003cd76       0x26 S2_GMTTime.o
 .comment       0x8003cd9c       0x26 S2_C2N_TXM_Guide_Engine_v3_1.o
 .comment       0x8003cdc2       0x26 S2_AMFM_Station.o
 .comment       0x8003cde8       0x26 S2_Adagio_Now_Playing_Combiner_v2_0.o
 .comment       0x8003ce0e       0x26 S2_AMFM__CEN_TRACK__Preset_Processor_v1.o
 .comment       0x8003ce34       0x26 S2_tstat_temp_display.o
 .comment       0x8003ce5a       0x26 S2_tstat_temp_display_v1_1.o
 .comment       0x8003ce80       0x26 S2_xPt__Single_Equipment_Connection_v1_00.o
 .comment       0x8003cea6       0x26 S2_AV_Multi_Zone_Source_Interface_v1_00.o
 .comment       0x8003cecc       0x26 S2_AV_Multi_Zone_Press_and_Hold_Logic_Gate_v1_00.o
 .comment       0x8003cef2       0x26 S2_Digital_Index_Queue_v1_01.o
 .comment       0x8003cf18       0x26 S2_AV_Multi_Zone_Page_Src_Index_Driver_v1_00.o
 .comment       0x8003cf3e       0x26 globals.o
 .comment       0x8003cf64       0x26 library.o
